rm -f include/config/kernel.release
make -f /home/he/work/crepo_kernel/samsung-kernel-herring/samsung-kernel-herring/scripts/Makefile.asm-generic \
	            obj=arch/arm/include/generated/asm
echo "3.0.8$(/bin/bash /home/he/work/crepo_kernel/samsung-kernel-herring/samsung-kernel-herring/scripts/setlocalversion /home/he/work/crepo_kernel/samsung-kernel-herring/samsung-kernel-herring)" > include/config/kernel.release
set -e; : '  CHK     include/linux/version.h'; mkdir -p include/linux/; 	(echo \#define LINUX_VERSION_CODE 196616; echo '#define KERNEL_VERSION(a,b,c) (((a) << 16) + ((b) << 8) + (c))';) < /home/he/work/crepo_kernel/samsung-kernel-herring/samsung-kernel-herring/Makefile > include/linux/version.h.tmp; if [ -r include/linux/version.h ] && cmp -s include/linux/version.h include/linux/version.h.tmp; then rm -f include/linux/version.h.tmp; else : '  UPD     include/linux/version.h'; mv -f include/linux/version.h.tmp include/linux/version.h; fi
make -f scripts/Makefile.build obj=scripts/basic
rm -f .tmp_quiet_recordmcount
make -f scripts/Makefile.build obj=scripts
make -f scripts/Makefile.build obj=scripts/mod
set -e; : '  CHK     include/generated/utsrelease.h'; mkdir -p include/generated/; 	if [ `echo -n "3.0.8-gbdca084-dirty" | wc -c ` -gt 64 ]; then echo '"3.0.8-gbdca084-dirty" exceeds 64 characters' >&2; exit 1; fi; (echo \#define UTS_RELEASE \"3.0.8-gbdca084-dirty\";) < include/config/kernel.release > include/generated/utsrelease.h.tmp; if [ -r include/generated/utsrelease.h ] && cmp -s include/generated/utsrelease.h include/generated/utsrelease.h.tmp; then rm -f include/generated/utsrelease.h.tmp; else : '  UPD     include/generated/utsrelease.h'; mv -f include/generated/utsrelease.h.tmp include/generated/utsrelease.h; fi
mkdir -p .tmp_versions 
make -f scripts/Makefile.build obj=arch/arm/tools include/generated/mach-types.h
make[1]: `include/generated/mach-types.h' is up to date.
make -f scripts/Makefile.build obj=.
mkdir -p kernel/
mkdir -p arch/arm/kernel/
make -f scripts/Makefile.build obj=. missing-syscalls
  /bin/bash scripts/checksyscalls.sh /usr/local/arm/arm-2009q3/bin/arm-none-linux-gnueabi-gcc -Wp,-MD,./.missing-syscalls.d  -nostdinc -isystem /usr/local/arm/arm-2009q3/bin/../lib/gcc/arm-none-linux-gnueabi/4.4.1/include -I/home/he/work/crepo_kernel/samsung-kernel-herring/samsung-kernel-herring/arch/arm/include -Iarch/arm/include/generated -Iinclude  -include include/generated/autoconf.h -D__KERNEL__ -mlittle-endian -Iarch/arm/mach-s5pv210/include -Iarch/arm/plat-s5p/include -Iarch/arm/plat-samsung/include -Wall -Wundef -Wstrict-prototypes -Wno-trigraphs -fno-strict-aliasing -fno-common -Werror-implicit-function-declaration -Wno-format-security -fno-delete-null-pointer-checks -O2 -marm -fno-dwarf2-cfi-asm -fno-omit-frame-pointer -mapcs -mno-sched-prolog -mabi=aapcs-linux -mno-thumb-interwork -D__LINUX_ARM_ARCH__=7 -march=armv7-a -msoft-float -Uarm -Wframe-larger-than=1024 -fno-stack-protector -fno-omit-frame-pointer -fno-optimize-sibling-calls -g -Wdeclaration-after-statement -Wno-pointer-sign -fno-strict-overflow -fconserve-stack    -D"KBUILD_STR(s)=#s" -D"KBUILD_BASENAME=KBUILD_STR(missing_syscalls)"  -D"KBUILD_MODNAME=KBUILD_STR(missing_syscalls)"
make -f scripts/Makefile.build obj=init
make -f scripts/Makefile.build obj=usr
make -f scripts/Makefile.build obj=arch/arm/vfp
make -f scripts/Makefile.build obj=arch/arm/kernel
/bin/bash /home/he/work/crepo_kernel/samsung-kernel-herring/samsung-kernel-herring/scripts/gen_initramfs_list.sh -l -d > usr/.initramfs_data.cpio.d
make -f scripts/Makefile.build obj=arch/arm/mm
make -f scripts/Makefile.build obj=arch/arm/common
/bin/bash /home/he/work/crepo_kernel/samsung-kernel-herring/samsung-kernel-herring/scripts/mkcompile_h include/generated/compile.h \
	"arm" "" "y" "/usr/local/arm/arm-2009q3/bin/arm-none-linux-gnueabi-gcc -Wall -Wundef -Wstrict-prototypes -Wno-trigraphs -fno-strict-aliasing -fno-common -Werror-implicit-function-declaration -Wno-format-security -fno-delete-null-pointer-checks -O2 -marm -fno-dwarf2-cfi-asm -fno-omit-frame-pointer -mapcs -mno-sched-prolog -mabi=aapcs-linux -mno-thumb-interwork  -D__LINUX_ARM_ARCH__=7 -march=armv7-a   -msoft-float -Uarm -Wframe-larger-than=1024  -fno-stack-protector  -fno-omit-frame-pointer -fno-optimize-sibling-calls -g -Wdeclaration-after-statement -Wno-pointer-sign -fno-strict-overflow -fconserve-stack"
make -f scripts/Makefile.build obj=arch/arm/mach-s5pv210
make -f scripts/Makefile.build obj=arch/arm/plat-s5p
make -f scripts/Makefile.build obj=arch/arm/plat-samsung
make -f scripts/Makefile.build obj=kernel
  /usr/local/arm/arm-2009q3/bin/arm-none-linux-gnueabi-gcc -Wp,-MD,arch/arm/mach-s5pv210/.mach-smdkv210.o.d  -nostdinc -isystem /usr/local/arm/arm-2009q3/bin/../lib/gcc/arm-none-linux-gnueabi/4.4.1/include -I/home/he/work/crepo_kernel/samsung-kernel-herring/samsung-kernel-herring/arch/arm/include -Iarch/arm/include/generated -Iinclude  -include include/generated/autoconf.h -D__KERNEL__ -mlittle-endian -Iarch/arm/mach-s5pv210/include -Iarch/arm/plat-s5p/include -Iarch/arm/plat-samsung/include -Wall -Wundef -Wstrict-prototypes -Wno-trigraphs -fno-strict-aliasing -fno-common -Werror-implicit-function-declaration -Wno-format-security -fno-delete-null-pointer-checks -O2 -marm -fno-dwarf2-cfi-asm -fno-omit-frame-pointer -mapcs -mno-sched-prolog -mabi=aapcs-linux -mno-thumb-interwork -D__LINUX_ARM_ARCH__=7 -march=armv7-a -msoft-float -Uarm -Wframe-larger-than=1024 -fno-stack-protector -fno-omit-frame-pointer -fno-optimize-sibling-calls -g -Wdeclaration-after-statement -Wno-pointer-sign -fno-strict-overflow -fconserve-stack    -D"KBUILD_STR(s)=#s" -D"KBUILD_BASENAME=KBUILD_STR(mach_smdkv210)"  -D"KBUILD_MODNAME=KBUILD_STR(mach_smdkv210)" -c -o arch/arm/mach-s5pv210/mach-smdkv210.o arch/arm/mach-s5pv210/mach-smdkv210.c
make -f scripts/Makefile.build obj=mm
  /usr/local/arm/arm-2009q3/bin/arm-none-linux-gnueabi-gcc -Wp,-MD,mm/.filemap.o.d  -nostdinc -isystem /usr/local/arm/arm-2009q3/bin/../lib/gcc/arm-none-linux-gnueabi/4.4.1/include -I/home/he/work/crepo_kernel/samsung-kernel-herring/samsung-kernel-herring/arch/arm/include -Iarch/arm/include/generated -Iinclude  -include include/generated/autoconf.h -D__KERNEL__ -mlittle-endian -Iarch/arm/mach-s5pv210/include -Iarch/arm/plat-s5p/include -Iarch/arm/plat-samsung/include -Wall -Wundef -Wstrict-prototypes -Wno-trigraphs -fno-strict-aliasing -fno-common -Werror-implicit-function-declaration -Wno-format-security -fno-delete-null-pointer-checks -O2 -marm -fno-dwarf2-cfi-asm -fno-omit-frame-pointer -mapcs -mno-sched-prolog -mabi=aapcs-linux -mno-thumb-interwork -D__LINUX_ARM_ARCH__=7 -march=armv7-a -msoft-float -Uarm -Wframe-larger-than=1024 -fno-stack-protector -fno-omit-frame-pointer -fno-optimize-sibling-calls -g -Wdeclaration-after-statement -Wno-pointer-sign -fno-strict-overflow -fconserve-stack    -D"KBUILD_STR(s)=#s" -D"KBUILD_BASENAME=KBUILD_STR(filemap)"  -D"KBUILD_MODNAME=KBUILD_STR(filemap)" -c -o mm/filemap.o mm/filemap.c
  /usr/local/arm/arm-2009q3/bin/arm-none-linux-gnueabi-gcc -Wp,-MD,arch/arm/plat-samsung/.dev-fb.o.d  -nostdinc -isystem /usr/local/arm/arm-2009q3/bin/../lib/gcc/arm-none-linux-gnueabi/4.4.1/include -I/home/he/work/crepo_kernel/samsung-kernel-herring/samsung-kernel-herring/arch/arm/include -Iarch/arm/include/generated -Iinclude  -include include/generated/autoconf.h -D__KERNEL__ -mlittle-endian -Iarch/arm/mach-s5pv210/include -Iarch/arm/plat-s5p/include -Iarch/arm/plat-samsung/include -Wall -Wundef -Wstrict-prototypes -Wno-trigraphs -fno-strict-aliasing -fno-common -Werror-implicit-function-declaration -Wno-format-security -fno-delete-null-pointer-checks -O2 -marm -fno-dwarf2-cfi-asm -fno-omit-frame-pointer -mapcs -mno-sched-prolog -mabi=aapcs-linux -mno-thumb-interwork -D__LINUX_ARM_ARCH__=7 -march=armv7-a -msoft-float -Uarm -Wframe-larger-than=1024 -fno-stack-protector -fno-omit-frame-pointer -fno-optimize-sibling-calls -g -Wdeclaration-after-statement -Wno-pointer-sign -fno-strict-overflow -fconserve-stack    -D"KBUILD_STR(s)=#s" -D"KBUILD_BASENAME=KBUILD_STR(dev_fb)"  -D"KBUILD_MODNAME=KBUILD_STR(dev_fb)" -c -o arch/arm/plat-samsung/dev-fb.o arch/arm/plat-samsung/dev-fb.c
  /usr/local/arm/arm-2009q3/bin/arm-none-linux-gnueabi-gcc -Wp,-MD,mm/.mempool.o.d  -nostdinc -isystem /usr/local/arm/arm-2009q3/bin/../lib/gcc/arm-none-linux-gnueabi/4.4.1/include -I/home/he/work/crepo_kernel/samsung-kernel-herring/samsung-kernel-herring/arch/arm/include -Iarch/arm/include/generated -Iinclude  -include include/generated/autoconf.h -D__KERNEL__ -mlittle-endian -Iarch/arm/mach-s5pv210/include -Iarch/arm/plat-s5p/include -Iarch/arm/plat-samsung/include -Wall -Wundef -Wstrict-prototypes -Wno-trigraphs -fno-strict-aliasing -fno-common -Werror-implicit-function-declaration -Wno-format-security -fno-delete-null-pointer-checks -O2 -marm -fno-dwarf2-cfi-asm -fno-omit-frame-pointer -mapcs -mno-sched-prolog -mabi=aapcs-linux -mno-thumb-interwork -D__LINUX_ARM_ARCH__=7 -march=armv7-a -msoft-float -Uarm -Wframe-larger-than=1024 -fno-stack-protector -fno-omit-frame-pointer -fno-optimize-sibling-calls -g -Wdeclaration-after-statement -Wno-pointer-sign -fno-strict-overflow -fconserve-stack    -D"KBUILD_STR(s)=#s" -D"KBUILD_BASENAME=KBUILD_STR(mempool)"  -D"KBUILD_MODNAME=KBUILD_STR(mempool)" -c -o mm/mempool.o mm/mempool.c
  /usr/local/arm/arm-2009q3/bin/arm-none-linux-gnueabi-gcc -Wp,-MD,mm/.oom_kill.o.d  -nostdinc -isystem /usr/local/arm/arm-2009q3/bin/../lib/gcc/arm-none-linux-gnueabi/4.4.1/include -I/home/he/work/crepo_kernel/samsung-kernel-herring/samsung-kernel-herring/arch/arm/include -Iarch/arm/include/generated -Iinclude  -include include/generated/autoconf.h -D__KERNEL__ -mlittle-endian -Iarch/arm/mach-s5pv210/include -Iarch/arm/plat-s5p/include -Iarch/arm/plat-samsung/include -Wall -Wundef -Wstrict-prototypes -Wno-trigraphs -fno-strict-aliasing -fno-common -Werror-implicit-function-declaration -Wno-format-security -fno-delete-null-pointer-checks -O2 -marm -fno-dwarf2-cfi-asm -fno-omit-frame-pointer -mapcs -mno-sched-prolog -mabi=aapcs-linux -mno-thumb-interwork -D__LINUX_ARM_ARCH__=7 -march=armv7-a -msoft-float -Uarm -Wframe-larger-than=1024 -fno-stack-protector -fno-omit-frame-pointer -fno-optimize-sibling-calls -g -Wdeclaration-after-statement -Wno-pointer-sign -fno-strict-overflow -fconserve-stack    -D"KBUILD_STR(s)=#s" -D"KBUILD_BASENAME=KBUILD_STR(oom_kill)"  -D"KBUILD_MODNAME=KBUILD_STR(oom_kill)" -c -o mm/oom_kill.o mm/oom_kill.c
make -f scripts/Makefile.build obj=kernel/irq
make -f scripts/Makefile.build obj=kernel/power
make -f scripts/Makefile.build obj=kernel/time
make -f scripts/Makefile.build obj=kernel/trace
  /usr/local/arm/arm-2009q3/bin/arm-none-linux-gnueabi-gcc -Wp,-MD,mm/.fadvise.o.d  -nostdinc -isystem /usr/local/arm/arm-2009q3/bin/../lib/gcc/arm-none-linux-gnueabi/4.4.1/include -I/home/he/work/crepo_kernel/samsung-kernel-herring/samsung-kernel-herring/arch/arm/include -Iarch/arm/include/generated -Iinclude  -include include/generated/autoconf.h -D__KERNEL__ -mlittle-endian -Iarch/arm/mach-s5pv210/include -Iarch/arm/plat-s5p/include -Iarch/arm/plat-samsung/include -Wall -Wundef -Wstrict-prototypes -Wno-trigraphs -fno-strict-aliasing -fno-common -Werror-implicit-function-declaration -Wno-format-security -fno-delete-null-pointer-checks -O2 -marm -fno-dwarf2-cfi-asm -fno-omit-frame-pointer -mapcs -mno-sched-prolog -mabi=aapcs-linux -mno-thumb-interwork -D__LINUX_ARM_ARCH__=7 -march=armv7-a -msoft-float -Uarm -Wframe-larger-than=1024 -fno-stack-protector -fno-omit-frame-pointer -fno-optimize-sibling-calls -g -Wdeclaration-after-statement -Wno-pointer-sign -fno-strict-overflow -fconserve-stack    -D"KBUILD_STR(s)=#s" -D"KBUILD_BASENAME=KBUILD_STR(fadvise)"  -D"KBUILD_MODNAME=KBUILD_STR(fadvise)" -c -o mm/fadvise.o mm/fadvise.c
  /usr/local/arm/arm-2009q3/bin/arm-none-linux-gnueabi-gcc -Wp,-MD,mm/.maccess.o.d  -nostdinc -isystem /usr/local/arm/arm-2009q3/bin/../lib/gcc/arm-none-linux-gnueabi/4.4.1/include -I/home/he/work/crepo_kernel/samsung-kernel-herring/samsung-kernel-herring/arch/arm/include -Iarch/arm/include/generated -Iinclude  -include include/generated/autoconf.h -D__KERNEL__ -mlittle-endian -Iarch/arm/mach-s5pv210/include -Iarch/arm/plat-s5p/include -Iarch/arm/plat-samsung/include -Wall -Wundef -Wstrict-prototypes -Wno-trigraphs -fno-strict-aliasing -fno-common -Werror-implicit-function-declaration -Wno-format-security -fno-delete-null-pointer-checks -O2 -marm -fno-dwarf2-cfi-asm -fno-omit-frame-pointer -mapcs -mno-sched-prolog -mabi=aapcs-linux -mno-thumb-interwork -D__LINUX_ARM_ARCH__=7 -march=armv7-a -msoft-float -Uarm -Wframe-larger-than=1024 -fno-stack-protector -fno-omit-frame-pointer -fno-optimize-sibling-calls -g -Wdeclaration-after-statement -Wno-pointer-sign -fno-strict-overflow -fconserve-stack    -D"KBUILD_STR(s)=#s" -D"KBUILD_BASENAME=KBUILD_STR(maccess)"  -D"KBUILD_MODNAME=KBUILD_STR(maccess)" -c -o mm/maccess.o mm/maccess.c
  /usr/local/arm/arm-2009q3/bin/arm-none-linux-gnueabi-gcc -Wp,-MD,mm/.page_alloc.o.d  -nostdinc -isystem /usr/local/arm/arm-2009q3/bin/../lib/gcc/arm-none-linux-gnueabi/4.4.1/include -I/home/he/work/crepo_kernel/samsung-kernel-herring/samsung-kernel-herring/arch/arm/include -Iarch/arm/include/generated -Iinclude  -include include/generated/autoconf.h -D__KERNEL__ -mlittle-endian -Iarch/arm/mach-s5pv210/include -Iarch/arm/plat-s5p/include -Iarch/arm/plat-samsung/include -Wall -Wundef -Wstrict-prototypes -Wno-trigraphs -fno-strict-aliasing -fno-common -Werror-implicit-function-declaration -Wno-format-security -fno-delete-null-pointer-checks -O2 -marm -fno-dwarf2-cfi-asm -fno-omit-frame-pointer -mapcs -mno-sched-prolog -mabi=aapcs-linux -mno-thumb-interwork -D__LINUX_ARM_ARCH__=7 -march=armv7-a -msoft-float -Uarm -Wframe-larger-than=1024 -fno-stack-protector -fno-omit-frame-pointer -fno-optimize-sibling-calls -g -Wdeclaration-after-statement -Wno-pointer-sign -fno-strict-overflow -fconserve-stack    -D"KBUILD_STR(s)=#s" -D"KBUILD_BASENAME=KBUILD_STR(page_alloc)"  -D"KBUILD_MODNAME=KBUILD_STR(page_alloc)" -c -o mm/page_alloc.o mm/page_alloc.c
  /usr/local/arm/arm-2009q3/bin/arm-none-linux-gnueabi-gcc -Wp,-MD,mm/.page-writeback.o.d  -nostdinc -isystem /usr/local/arm/arm-2009q3/bin/../lib/gcc/arm-none-linux-gnueabi/4.4.1/include -I/home/he/work/crepo_kernel/samsung-kernel-herring/samsung-kernel-herring/arch/arm/include -Iarch/arm/include/generated -Iinclude  -include include/generated/autoconf.h -D__KERNEL__ -mlittle-endian -Iarch/arm/mach-s5pv210/include -Iarch/arm/plat-s5p/include -Iarch/arm/plat-samsung/include -Wall -Wundef -Wstrict-prototypes -Wno-trigraphs -fno-strict-aliasing -fno-common -Werror-implicit-function-declaration -Wno-format-security -fno-delete-null-pointer-checks -O2 -marm -fno-dwarf2-cfi-asm -fno-omit-frame-pointer -mapcs -mno-sched-prolog -mabi=aapcs-linux -mno-thumb-interwork -D__LINUX_ARM_ARCH__=7 -march=armv7-a -msoft-float -Uarm -Wframe-larger-than=1024 -fno-stack-protector -fno-omit-frame-pointer -fno-optimize-sibling-calls -g -Wdeclaration-after-statement -Wno-pointer-sign -fno-strict-overflow -fconserve-stack    -D"KBUILD_STR(s)=#s" -D"KBUILD_BASENAME=KBUILD_STR(page_writeback)"  -D"KBUILD_MODNAME=KBUILD_STR(page_writeback)" -c -o mm/page-writeback.o mm/page-writeback.c
  /usr/local/arm/arm-2009q3/bin/arm-none-linux-gnueabi-gcc -Wp,-MD,mm/.readahead.o.d  -nostdinc -isystem /usr/local/arm/arm-2009q3/bin/../lib/gcc/arm-none-linux-gnueabi/4.4.1/include -I/home/he/work/crepo_kernel/samsung-kernel-herring/samsung-kernel-herring/arch/arm/include -Iarch/arm/include/generated -Iinclude  -include include/generated/autoconf.h -D__KERNEL__ -mlittle-endian -Iarch/arm/mach-s5pv210/include -Iarch/arm/plat-s5p/include -Iarch/arm/plat-samsung/include -Wall -Wundef -Wstrict-prototypes -Wno-trigraphs -fno-strict-aliasing -fno-common -Werror-implicit-function-declaration -Wno-format-security -fno-delete-null-pointer-checks -O2 -marm -fno-dwarf2-cfi-asm -fno-omit-frame-pointer -mapcs -mno-sched-prolog -mabi=aapcs-linux -mno-thumb-interwork -D__LINUX_ARM_ARCH__=7 -march=armv7-a -msoft-float -Uarm -Wframe-larger-than=1024 -fno-stack-protector -fno-omit-frame-pointer -fno-optimize-sibling-calls -g -Wdeclaration-after-statement -Wno-pointer-sign -fno-strict-overflow -fconserve-stack    -D"KBUILD_STR(s)=#s" -D"KBUILD_BASENAME=KBUILD_STR(readahead)"  -D"KBUILD_MODNAME=KBUILD_STR(readahead)" -c -o mm/readahead.o mm/readahead.c
  /usr/local/arm/arm-2009q3/bin/arm-none-linux-gnueabi-gcc -Wp,-MD,mm/.swap.o.d  -nostdinc -isystem /usr/local/arm/arm-2009q3/bin/../lib/gcc/arm-none-linux-gnueabi/4.4.1/include -I/home/he/work/crepo_kernel/samsung-kernel-herring/samsung-kernel-herring/arch/arm/include -Iarch/arm/include/generated -Iinclude  -include include/generated/autoconf.h -D__KERNEL__ -mlittle-endian -Iarch/arm/mach-s5pv210/include -Iarch/arm/plat-s5p/include -Iarch/arm/plat-samsung/include -Wall -Wundef -Wstrict-prototypes -Wno-trigraphs -fno-strict-aliasing -fno-common -Werror-implicit-function-declaration -Wno-format-security -fno-delete-null-pointer-checks -O2 -marm -fno-dwarf2-cfi-asm -fno-omit-frame-pointer -mapcs -mno-sched-prolog -mabi=aapcs-linux -mno-thumb-interwork -D__LINUX_ARM_ARCH__=7 -march=armv7-a -msoft-float -Uarm -Wframe-larger-than=1024 -fno-stack-protector -fno-omit-frame-pointer -fno-optimize-sibling-calls -g -Wdeclaration-after-statement -Wno-pointer-sign -fno-strict-overflow -fconserve-stack    -D"KBUILD_STR(s)=#s" -D"KBUILD_BASENAME=KBUILD_STR(swap)"  -D"KBUILD_MODNAME=KBUILD_STR(swap)" -c -o mm/swap.o mm/swap.c
  /usr/local/arm/arm-2009q3/bin/arm-none-linux-gnueabi-gcc -Wp,-MD,mm/.truncate.o.d  -nostdinc -isystem /usr/local/arm/arm-2009q3/bin/../lib/gcc/arm-none-linux-gnueabi/4.4.1/include -I/home/he/work/crepo_kernel/samsung-kernel-herring/samsung-kernel-herring/arch/arm/include -Iarch/arm/include/generated -Iinclude  -include include/generated/autoconf.h -D__KERNEL__ -mlittle-endian -Iarch/arm/mach-s5pv210/include -Iarch/arm/plat-s5p/include -Iarch/arm/plat-samsung/include -Wall -Wundef -Wstrict-prototypes -Wno-trigraphs -fno-strict-aliasing -fno-common -Werror-implicit-function-declaration -Wno-format-security -fno-delete-null-pointer-checks -O2 -marm -fno-dwarf2-cfi-asm -fno-omit-frame-pointer -mapcs -mno-sched-prolog -mabi=aapcs-linux -mno-thumb-interwork -D__LINUX_ARM_ARCH__=7 -march=armv7-a -msoft-float -Uarm -Wframe-larger-than=1024 -fno-stack-protector -fno-omit-frame-pointer -fno-optimize-sibling-calls -g -Wdeclaration-after-statement -Wno-pointer-sign -fno-strict-overflow -fconserve-stack    -D"KBUILD_STR(s)=#s" -D"KBUILD_BASENAME=KBUILD_STR(truncate)"  -D"KBUILD_MODNAME=KBUILD_STR(truncate)" -c -o mm/truncate.o mm/truncate.c
  /usr/local/arm/arm-2009q3/bin/arm-none-linux-gnueabi-gcc -Wp,-MD,mm/.vmscan.o.d  -nostdinc -isystem /usr/local/arm/arm-2009q3/bin/../lib/gcc/arm-none-linux-gnueabi/4.4.1/include -I/home/he/work/crepo_kernel/samsung-kernel-herring/samsung-kernel-herring/arch/arm/include -Iarch/arm/include/generated -Iinclude  -include include/generated/autoconf.h -D__KERNEL__ -mlittle-endian -Iarch/arm/mach-s5pv210/include -Iarch/arm/plat-s5p/include -Iarch/arm/plat-samsung/include -Wall -Wundef -Wstrict-prototypes -Wno-trigraphs -fno-strict-aliasing -fno-common -Werror-implicit-function-declaration -Wno-format-security -fno-delete-null-pointer-checks -O2 -marm -fno-dwarf2-cfi-asm -fno-omit-frame-pointer -mapcs -mno-sched-prolog -mabi=aapcs-linux -mno-thumb-interwork -D__LINUX_ARM_ARCH__=7 -march=armv7-a -msoft-float -Uarm -Wframe-larger-than=1024 -fno-stack-protector -fno-omit-frame-pointer -fno-optimize-sibling-calls -g -Wdeclaration-after-statement -Wno-pointer-sign -fno-strict-overflow -fconserve-stack    -D"KBUILD_STR(s)=#s" -D"KBUILD_BASENAME=KBUILD_STR(vmscan)"  -D"KBUILD_MODNAME=KBUILD_STR(vmscan)" -c -o mm/vmscan.o mm/vmscan.c
  /usr/local/arm/arm-2009q3/bin/arm-none-linux-gnueabi-gcc -Wp,-MD,mm/.shmem.o.d  -nostdinc -isystem /usr/local/arm/arm-2009q3/bin/../lib/gcc/arm-none-linux-gnueabi/4.4.1/include -I/home/he/work/crepo_kernel/samsung-kernel-herring/samsung-kernel-herring/arch/arm/include -Iarch/arm/include/generated -Iinclude  -include include/generated/autoconf.h -D__KERNEL__ -mlittle-endian -Iarch/arm/mach-s5pv210/include -Iarch/arm/plat-s5p/include -Iarch/arm/plat-samsung/include -Wall -Wundef -Wstrict-prototypes -Wno-trigraphs -fno-strict-aliasing -fno-common -Werror-implicit-function-declaration -Wno-format-security -fno-delete-null-pointer-checks -O2 -marm -fno-dwarf2-cfi-asm -fno-omit-frame-pointer -mapcs -mno-sched-prolog -mabi=aapcs-linux -mno-thumb-interwork -D__LINUX_ARM_ARCH__=7 -march=armv7-a -msoft-float -Uarm -Wframe-larger-than=1024 -fno-stack-protector -fno-omit-frame-pointer -fno-optimize-sibling-calls -g -Wdeclaration-after-statement -Wno-pointer-sign -fno-strict-overflow -fconserve-stack    -D"KBUILD_STR(s)=#s" -D"KBUILD_BASENAME=KBUILD_STR(shmem)"  -D"KBUILD_MODNAME=KBUILD_STR(shmem)" -c -o mm/shmem.o mm/shmem.c
  /usr/local/arm/arm-2009q3/bin/arm-none-linux-gnueabi-gcc -Wp,-MD,mm/.prio_tree.o.d  -nostdinc -isystem /usr/local/arm/arm-2009q3/bin/../lib/gcc/arm-none-linux-gnueabi/4.4.1/include -I/home/he/work/crepo_kernel/samsung-kernel-herring/samsung-kernel-herring/arch/arm/include -Iarch/arm/include/generated -Iinclude  -include include/generated/autoconf.h -D__KERNEL__ -mlittle-endian -Iarch/arm/mach-s5pv210/include -Iarch/arm/plat-s5p/include -Iarch/arm/plat-samsung/include -Wall -Wundef -Wstrict-prototypes -Wno-trigraphs -fno-strict-aliasing -fno-common -Werror-implicit-function-declaration -Wno-format-security -fno-delete-null-pointer-checks -O2 -marm -fno-dwarf2-cfi-asm -fno-omit-frame-pointer -mapcs -mno-sched-prolog -mabi=aapcs-linux -mno-thumb-interwork -D__LINUX_ARM_ARCH__=7 -march=armv7-a -msoft-float -Uarm -Wframe-larger-than=1024 -fno-stack-protector -fno-omit-frame-pointer -fno-optimize-sibling-calls -g -Wdeclaration-after-statement -Wno-pointer-sign -fno-strict-overflow -fconserve-stack    -D"KBUILD_STR(s)=#s" -D"KBUILD_BASENAME=KBUILD_STR(prio_tree)"  -D"KBUILD_MODNAME=KBUILD_STR(prio_tree)" -c -o mm/prio_tree.o mm/prio_tree.c
  /usr/local/arm/arm-2009q3/bin/arm-none-linux-gnueabi-gcc -Wp,-MD,mm/.util.o.d  -nostdinc -isystem /usr/local/arm/arm-2009q3/bin/../lib/gcc/arm-none-linux-gnueabi/4.4.1/include -I/home/he/work/crepo_kernel/samsung-kernel-herring/samsung-kernel-herring/arch/arm/include -Iarch/arm/include/generated -Iinclude  -include include/generated/autoconf.h -D__KERNEL__ -mlittle-endian -Iarch/arm/mach-s5pv210/include -Iarch/arm/plat-s5p/include -Iarch/arm/plat-samsung/include -Wall -Wundef -Wstrict-prototypes -Wno-trigraphs -fno-strict-aliasing -fno-common -Werror-implicit-function-declaration -Wno-format-security -fno-delete-null-pointer-checks -O2 -marm -fno-dwarf2-cfi-asm -fno-omit-frame-pointer -mapcs -mno-sched-prolog -mabi=aapcs-linux -mno-thumb-interwork -D__LINUX_ARM_ARCH__=7 -march=armv7-a -msoft-float -Uarm -Wframe-larger-than=1024 -fno-stack-protector -fno-omit-frame-pointer -fno-optimize-sibling-calls -g -Wdeclaration-after-statement -Wno-pointer-sign -fno-strict-overflow -fconserve-stack    -D"KBUILD_STR(s)=#s" -D"KBUILD_BASENAME=KBUILD_STR(util)"  -D"KBUILD_MODNAME=KBUILD_STR(util)" -c -o mm/util.o mm/util.c
  /usr/local/arm/arm-2009q3/bin/arm-none-linux-gnueabi-gcc -Wp,-MD,mm/.mmzone.o.d  -nostdinc -isystem /usr/local/arm/arm-2009q3/bin/../lib/gcc/arm-none-linux-gnueabi/4.4.1/include -I/home/he/work/crepo_kernel/samsung-kernel-herring/samsung-kernel-herring/arch/arm/include -Iarch/arm/include/generated -Iinclude  -include include/generated/autoconf.h -D__KERNEL__ -mlittle-endian -Iarch/arm/mach-s5pv210/include -Iarch/arm/plat-s5p/include -Iarch/arm/plat-samsung/include -Wall -Wundef -Wstrict-prototypes -Wno-trigraphs -fno-strict-aliasing -fno-common -Werror-implicit-function-declaration -Wno-format-security -fno-delete-null-pointer-checks -O2 -marm -fno-dwarf2-cfi-asm -fno-omit-frame-pointer -mapcs -mno-sched-prolog -mabi=aapcs-linux -mno-thumb-interwork -D__LINUX_ARM_ARCH__=7 -march=armv7-a -msoft-float -Uarm -Wframe-larger-than=1024 -fno-stack-protector -fno-omit-frame-pointer -fno-optimize-sibling-calls -g -Wdeclaration-after-statement -Wno-pointer-sign -fno-strict-overflow -fconserve-stack    -D"KBUILD_STR(s)=#s" -D"KBUILD_BASENAME=KBUILD_STR(mmzone)"  -D"KBUILD_MODNAME=KBUILD_STR(mmzone)" -c -o mm/mmzone.o mm/mmzone.c
  /usr/local/arm/arm-2009q3/bin/arm-none-linux-gnueabi-gcc -Wp,-MD,mm/.vmstat.o.d  -nostdinc -isystem /usr/local/arm/arm-2009q3/bin/../lib/gcc/arm-none-linux-gnueabi/4.4.1/include -I/home/he/work/crepo_kernel/samsung-kernel-herring/samsung-kernel-herring/arch/arm/include -Iarch/arm/include/generated -Iinclude  -include include/generated/autoconf.h -D__KERNEL__ -mlittle-endian -Iarch/arm/mach-s5pv210/include -Iarch/arm/plat-s5p/include -Iarch/arm/plat-samsung/include -Wall -Wundef -Wstrict-prototypes -Wno-trigraphs -fno-strict-aliasing -fno-common -Werror-implicit-function-declaration -Wno-format-security -fno-delete-null-pointer-checks -O2 -marm -fno-dwarf2-cfi-asm -fno-omit-frame-pointer -mapcs -mno-sched-prolog -mabi=aapcs-linux -mno-thumb-interwork -D__LINUX_ARM_ARCH__=7 -march=armv7-a -msoft-float -Uarm -Wframe-larger-than=1024 -fno-stack-protector -fno-omit-frame-pointer -fno-optimize-sibling-calls -g -Wdeclaration-after-statement -Wno-pointer-sign -fno-strict-overflow -fconserve-stack    -D"KBUILD_STR(s)=#s" -D"KBUILD_BASENAME=KBUILD_STR(vmstat)"  -D"KBUILD_MODNAME=KBUILD_STR(vmstat)" -c -o mm/vmstat.o mm/vmstat.c
  /usr/local/arm/arm-2009q3/bin/arm-none-linux-gnueabi-gcc -Wp,-MD,mm/.backing-dev.o.d  -nostdinc -isystem /usr/local/arm/arm-2009q3/bin/../lib/gcc/arm-none-linux-gnueabi/4.4.1/include -I/home/he/work/crepo_kernel/samsung-kernel-herring/samsung-kernel-herring/arch/arm/include -Iarch/arm/include/generated -Iinclude  -include include/generated/autoconf.h -D__KERNEL__ -mlittle-endian -Iarch/arm/mach-s5pv210/include -Iarch/arm/plat-s5p/include -Iarch/arm/plat-samsung/include -Wall -Wundef -Wstrict-prototypes -Wno-trigraphs -fno-strict-aliasing -fno-common -Werror-implicit-function-declaration -Wno-format-security -fno-delete-null-pointer-checks -O2 -marm -fno-dwarf2-cfi-asm -fno-omit-frame-pointer -mapcs -mno-sched-prolog -mabi=aapcs-linux -mno-thumb-interwork -D__LINUX_ARM_ARCH__=7 -march=armv7-a -msoft-float -Uarm -Wframe-larger-than=1024 -fno-stack-protector -fno-omit-frame-pointer -fno-optimize-sibling-calls -g -Wdeclaration-after-statement -Wno-pointer-sign -fno-strict-overflow -fconserve-stack    -D"KBUILD_STR(s)=#s" -D"KBUILD_BASENAME=KBUILD_STR(backing_dev)"  -D"KBUILD_MODNAME=KBUILD_STR(backing_dev)" -c -o mm/backing-dev.o mm/backing-dev.c
  /usr/local/arm/arm-2009q3/bin/arm-none-linux-gnueabi-gcc -Wp,-MD,mm/.page_isolation.o.d  -nostdinc -isystem /usr/local/arm/arm-2009q3/bin/../lib/gcc/arm-none-linux-gnueabi/4.4.1/include -I/home/he/work/crepo_kernel/samsung-kernel-herring/samsung-kernel-herring/arch/arm/include -Iarch/arm/include/generated -Iinclude  -include include/generated/autoconf.h -D__KERNEL__ -mlittle-endian -Iarch/arm/mach-s5pv210/include -Iarch/arm/plat-s5p/include -Iarch/arm/plat-samsung/include -Wall -Wundef -Wstrict-prototypes -Wno-trigraphs -fno-strict-aliasing -fno-common -Werror-implicit-function-declaration -Wno-format-security -fno-delete-null-pointer-checks -O2 -marm -fno-dwarf2-cfi-asm -fno-omit-frame-pointer -mapcs -mno-sched-prolog -mabi=aapcs-linux -mno-thumb-interwork -D__LINUX_ARM_ARCH__=7 -march=armv7-a -msoft-float -Uarm -Wframe-larger-than=1024 -fno-stack-protector -fno-omit-frame-pointer -fno-optimize-sibling-calls -g -Wdeclaration-after-statement -Wno-pointer-sign -fno-strict-overflow -fconserve-stack    -D"KBUILD_STR(s)=#s" -D"KBUILD_BASENAME=KBUILD_STR(page_isolation)"  -D"KBUILD_MODNAME=KBUILD_STR(page_isolation)" -c -o mm/page_isolation.o mm/page_isolation.c
  /usr/local/arm/arm-2009q3/bin/arm-none-linux-gnueabi-gcc -Wp,-MD,mm/.mm_init.o.d  -nostdinc -isystem /usr/local/arm/arm-2009q3/bin/../lib/gcc/arm-none-linux-gnueabi/4.4.1/include -I/home/he/work/crepo_kernel/samsung-kernel-herring/samsung-kernel-herring/arch/arm/include -Iarch/arm/include/generated -Iinclude  -include include/generated/autoconf.h -D__KERNEL__ -mlittle-endian -Iarch/arm/mach-s5pv210/include -Iarch/arm/plat-s5p/include -Iarch/arm/plat-samsung/include -Wall -Wundef -Wstrict-prototypes -Wno-trigraphs -fno-strict-aliasing -fno-common -Werror-implicit-function-declaration -Wno-format-security -fno-delete-null-pointer-checks -O2 -marm -fno-dwarf2-cfi-asm -fno-omit-frame-pointer -mapcs -mno-sched-prolog -mabi=aapcs-linux -mno-thumb-interwork -D__LINUX_ARM_ARCH__=7 -march=armv7-a -msoft-float -Uarm -Wframe-larger-than=1024 -fno-stack-protector -fno-omit-frame-pointer -fno-optimize-sibling-calls -g -Wdeclaration-after-statement -Wno-pointer-sign -fno-strict-overflow -fconserve-stack    -D"KBUILD_STR(s)=#s" -D"KBUILD_BASENAME=KBUILD_STR(mm_init)"  -D"KBUILD_MODNAME=KBUILD_STR(mm_init)" -c -o mm/mm_init.o mm/mm_init.c
  /usr/local/arm/arm-2009q3/bin/arm-none-linux-gnueabi-gcc -Wp,-MD,mm/.mmu_context.o.d  -nostdinc -isystem /usr/local/arm/arm-2009q3/bin/../lib/gcc/arm-none-linux-gnueabi/4.4.1/include -I/home/he/work/crepo_kernel/samsung-kernel-herring/samsung-kernel-herring/arch/arm/include -Iarch/arm/include/generated -Iinclude  -include include/generated/autoconf.h -D__KERNEL__ -mlittle-endian -Iarch/arm/mach-s5pv210/include -Iarch/arm/plat-s5p/include -Iarch/arm/plat-samsung/include -Wall -Wundef -Wstrict-prototypes -Wno-trigraphs -fno-strict-aliasing -fno-common -Werror-implicit-function-declaration -Wno-format-security -fno-delete-null-pointer-checks -O2 -marm -fno-dwarf2-cfi-asm -fno-omit-frame-pointer -mapcs -mno-sched-prolog -mabi=aapcs-linux -mno-thumb-interwork -D__LINUX_ARM_ARCH__=7 -march=armv7-a -msoft-float -Uarm -Wframe-larger-than=1024 -fno-stack-protector -fno-omit-frame-pointer -fno-optimize-sibling-calls -g -Wdeclaration-after-statement -Wno-pointer-sign -fno-strict-overflow -fconserve-stack    -D"KBUILD_STR(s)=#s" -D"KBUILD_BASENAME=KBUILD_STR(mmu_context)"  -D"KBUILD_MODNAME=KBUILD_STR(mmu_context)" -c -o mm/mmu_context.o mm/mmu_context.c
  /usr/local/arm/arm-2009q3/bin/arm-none-linux-gnueabi-gcc -Wp,-MD,mm/.percpu.o.d  -nostdinc -isystem /usr/local/arm/arm-2009q3/bin/../lib/gcc/arm-none-linux-gnueabi/4.4.1/include -I/home/he/work/crepo_kernel/samsung-kernel-herring/samsung-kernel-herring/arch/arm/include -Iarch/arm/include/generated -Iinclude  -include include/generated/autoconf.h -D__KERNEL__ -mlittle-endian -Iarch/arm/mach-s5pv210/include -Iarch/arm/plat-s5p/include -Iarch/arm/plat-samsung/include -Wall -Wundef -Wstrict-prototypes -Wno-trigraphs -fno-strict-aliasing -fno-common -Werror-implicit-function-declaration -Wno-format-security -fno-delete-null-pointer-checks -O2 -marm -fno-dwarf2-cfi-asm -fno-omit-frame-pointer -mapcs -mno-sched-prolog -mabi=aapcs-linux -mno-thumb-interwork -D__LINUX_ARM_ARCH__=7 -march=armv7-a -msoft-float -Uarm -Wframe-larger-than=1024 -fno-stack-protector -fno-omit-frame-pointer -fno-optimize-sibling-calls -g -Wdeclaration-after-statement -Wno-pointer-sign -fno-strict-overflow -fconserve-stack    -D"KBUILD_STR(s)=#s" -D"KBUILD_BASENAME=KBUILD_STR(percpu)"  -D"KBUILD_MODNAME=KBUILD_STR(percpu)" -c -o mm/percpu.o mm/percpu.c
  /usr/local/arm/arm-2009q3/bin/arm-none-linux-gnueabi-gcc -Wp,-MD,mm/.fremap.o.d  -nostdinc -isystem /usr/local/arm/arm-2009q3/bin/../lib/gcc/arm-none-linux-gnueabi/4.4.1/include -I/home/he/work/crepo_kernel/samsung-kernel-herring/samsung-kernel-herring/arch/arm/include -Iarch/arm/include/generated -Iinclude  -include include/generated/autoconf.h -D__KERNEL__ -mlittle-endian -Iarch/arm/mach-s5pv210/include -Iarch/arm/plat-s5p/include -Iarch/arm/plat-samsung/include -Wall -Wundef -Wstrict-prototypes -Wno-trigraphs -fno-strict-aliasing -fno-common -Werror-implicit-function-declaration -Wno-format-security -fno-delete-null-pointer-checks -O2 -marm -fno-dwarf2-cfi-asm -fno-omit-frame-pointer -mapcs -mno-sched-prolog -mabi=aapcs-linux -mno-thumb-interwork -D__LINUX_ARM_ARCH__=7 -march=armv7-a -msoft-float -Uarm -Wframe-larger-than=1024 -fno-stack-protector -fno-omit-frame-pointer -fno-optimize-sibling-calls -g -Wdeclaration-after-statement -Wno-pointer-sign -fno-strict-overflow -fconserve-stack    -D"KBUILD_STR(s)=#s" -D"KBUILD_BASENAME=KBUILD_STR(fremap)"  -D"KBUILD_MODNAME=KBUILD_STR(fremap)" -c -o mm/fremap.o mm/fremap.c
  /usr/local/arm/arm-2009q3/bin/arm-none-linux-gnueabi-gcc -Wp,-MD,mm/.highmem.o.d  -nostdinc -isystem /usr/local/arm/arm-2009q3/bin/../lib/gcc/arm-none-linux-gnueabi/4.4.1/include -I/home/he/work/crepo_kernel/samsung-kernel-herring/samsung-kernel-herring/arch/arm/include -Iarch/arm/include/generated -Iinclude  -include include/generated/autoconf.h -D__KERNEL__ -mlittle-endian -Iarch/arm/mach-s5pv210/include -Iarch/arm/plat-s5p/include -Iarch/arm/plat-samsung/include -Wall -Wundef -Wstrict-prototypes -Wno-trigraphs -fno-strict-aliasing -fno-common -Werror-implicit-function-declaration -Wno-format-security -fno-delete-null-pointer-checks -O2 -marm -fno-dwarf2-cfi-asm -fno-omit-frame-pointer -mapcs -mno-sched-prolog -mabi=aapcs-linux -mno-thumb-interwork -D__LINUX_ARM_ARCH__=7 -march=armv7-a -msoft-float -Uarm -Wframe-larger-than=1024 -fno-stack-protector -fno-omit-frame-pointer -fno-optimize-sibling-calls -g -Wdeclaration-after-statement -Wno-pointer-sign -fno-strict-overflow -fconserve-stack    -D"KBUILD_STR(s)=#s" -D"KBUILD_BASENAME=KBUILD_STR(highmem)"  -D"KBUILD_MODNAME=KBUILD_STR(highmem)" -c -o mm/highmem.o mm/highmem.c
  /usr/local/arm/arm-2009q3/bin/arm-none-linux-gnueabi-gcc -Wp,-MD,mm/.madvise.o.d  -nostdinc -isystem /usr/local/arm/arm-2009q3/bin/../lib/gcc/arm-none-linux-gnueabi/4.4.1/include -I/home/he/work/crepo_kernel/samsung-kernel-herring/samsung-kernel-herring/arch/arm/include -Iarch/arm/include/generated -Iinclude  -include include/generated/autoconf.h -D__KERNEL__ -mlittle-endian -Iarch/arm/mach-s5pv210/include -Iarch/arm/plat-s5p/include -Iarch/arm/plat-samsung/include -Wall -Wundef -Wstrict-prototypes -Wno-trigraphs -fno-strict-aliasing -fno-common -Werror-implicit-function-declaration -Wno-format-security -fno-delete-null-pointer-checks -O2 -marm -fno-dwarf2-cfi-asm -fno-omit-frame-pointer -mapcs -mno-sched-prolog -mabi=aapcs-linux -mno-thumb-interwork -D__LINUX_ARM_ARCH__=7 -march=armv7-a -msoft-float -Uarm -Wframe-larger-than=1024 -fno-stack-protector -fno-omit-frame-pointer -fno-optimize-sibling-calls -g -Wdeclaration-after-statement -Wno-pointer-sign -fno-strict-overflow -fconserve-stack    -D"KBUILD_STR(s)=#s" -D"KBUILD_BASENAME=KBUILD_STR(madvise)"  -D"KBUILD_MODNAME=KBUILD_STR(madvise)" -c -o mm/madvise.o mm/madvise.c
  /usr/local/arm/arm-2009q3/bin/arm-none-linux-gnueabi-gcc -Wp,-MD,mm/.memory.o.d  -nostdinc -isystem /usr/local/arm/arm-2009q3/bin/../lib/gcc/arm-none-linux-gnueabi/4.4.1/include -I/home/he/work/crepo_kernel/samsung-kernel-herring/samsung-kernel-herring/arch/arm/include -Iarch/arm/include/generated -Iinclude  -include include/generated/autoconf.h -D__KERNEL__ -mlittle-endian -Iarch/arm/mach-s5pv210/include -Iarch/arm/plat-s5p/include -Iarch/arm/plat-samsung/include -Wall -Wundef -Wstrict-prototypes -Wno-trigraphs -fno-strict-aliasing -fno-common -Werror-implicit-function-declaration -Wno-format-security -fno-delete-null-pointer-checks -O2 -marm -fno-dwarf2-cfi-asm -fno-omit-frame-pointer -mapcs -mno-sched-prolog -mabi=aapcs-linux -mno-thumb-interwork -D__LINUX_ARM_ARCH__=7 -march=armv7-a -msoft-float -Uarm -Wframe-larger-than=1024 -fno-stack-protector -fno-omit-frame-pointer -fno-optimize-sibling-calls -g -Wdeclaration-after-statement -Wno-pointer-sign -fno-strict-overflow -fconserve-stack    -D"KBUILD_STR(s)=#s" -D"KBUILD_BASENAME=KBUILD_STR(memory)"  -D"KBUILD_MODNAME=KBUILD_STR(memory)" -c -o mm/memory.o mm/memory.c
  /usr/local/arm/arm-2009q3/bin/arm-none-linux-gnueabi-gcc -Wp,-MD,mm/.mincore.o.d  -nostdinc -isystem /usr/local/arm/arm-2009q3/bin/../lib/gcc/arm-none-linux-gnueabi/4.4.1/include -I/home/he/work/crepo_kernel/samsung-kernel-herring/samsung-kernel-herring/arch/arm/include -Iarch/arm/include/generated -Iinclude  -include include/generated/autoconf.h -D__KERNEL__ -mlittle-endian -Iarch/arm/mach-s5pv210/include -Iarch/arm/plat-s5p/include -Iarch/arm/plat-samsung/include -Wall -Wundef -Wstrict-prototypes -Wno-trigraphs -fno-strict-aliasing -fno-common -Werror-implicit-function-declaration -Wno-format-security -fno-delete-null-pointer-checks -O2 -marm -fno-dwarf2-cfi-asm -fno-omit-frame-pointer -mapcs -mno-sched-prolog -mabi=aapcs-linux -mno-thumb-interwork -D__LINUX_ARM_ARCH__=7 -march=armv7-a -msoft-float -Uarm -Wframe-larger-than=1024 -fno-stack-protector -fno-omit-frame-pointer -fno-optimize-sibling-calls -g -Wdeclaration-after-statement -Wno-pointer-sign -fno-strict-overflow -fconserve-stack    -D"KBUILD_STR(s)=#s" -D"KBUILD_BASENAME=KBUILD_STR(mincore)"  -D"KBUILD_MODNAME=KBUILD_STR(mincore)" -c -o mm/mincore.o mm/mincore.c
  /usr/local/arm/arm-2009q3/bin/arm-none-linux-gnueabi-gcc -Wp,-MD,mm/.mlock.o.d  -nostdinc -isystem /usr/local/arm/arm-2009q3/bin/../lib/gcc/arm-none-linux-gnueabi/4.4.1/include -I/home/he/work/crepo_kernel/samsung-kernel-herring/samsung-kernel-herring/arch/arm/include -Iarch/arm/include/generated -Iinclude  -include include/generated/autoconf.h -D__KERNEL__ -mlittle-endian -Iarch/arm/mach-s5pv210/include -Iarch/arm/plat-s5p/include -Iarch/arm/plat-samsung/include -Wall -Wundef -Wstrict-prototypes -Wno-trigraphs -fno-strict-aliasing -fno-common -Werror-implicit-function-declaration -Wno-format-security -fno-delete-null-pointer-checks -O2 -marm -fno-dwarf2-cfi-asm -fno-omit-frame-pointer -mapcs -mno-sched-prolog -mabi=aapcs-linux -mno-thumb-interwork -D__LINUX_ARM_ARCH__=7 -march=armv7-a -msoft-float -Uarm -Wframe-larger-than=1024 -fno-stack-protector -fno-omit-frame-pointer -fno-optimize-sibling-calls -g -Wdeclaration-after-statement -Wno-pointer-sign -fno-strict-overflow -fconserve-stack    -D"KBUILD_STR(s)=#s" -D"KBUILD_BASENAME=KBUILD_STR(mlock)"  -D"KBUILD_MODNAME=KBUILD_STR(mlock)" -c -o mm/mlock.o mm/mlock.c
  /usr/local/arm/arm-2009q3/bin/arm-none-linux-gnueabi-gcc -Wp,-MD,mm/.mmap.o.d  -nostdinc -isystem /usr/local/arm/arm-2009q3/bin/../lib/gcc/arm-none-linux-gnueabi/4.4.1/include -I/home/he/work/crepo_kernel/samsung-kernel-herring/samsung-kernel-herring/arch/arm/include -Iarch/arm/include/generated -Iinclude  -include include/generated/autoconf.h -D__KERNEL__ -mlittle-endian -Iarch/arm/mach-s5pv210/include -Iarch/arm/plat-s5p/include -Iarch/arm/plat-samsung/include -Wall -Wundef -Wstrict-prototypes -Wno-trigraphs -fno-strict-aliasing -fno-common -Werror-implicit-function-declaration -Wno-format-security -fno-delete-null-pointer-checks -O2 -marm -fno-dwarf2-cfi-asm -fno-omit-frame-pointer -mapcs -mno-sched-prolog -mabi=aapcs-linux -mno-thumb-interwork -D__LINUX_ARM_ARCH__=7 -march=armv7-a -msoft-float -Uarm -Wframe-larger-than=1024 -fno-stack-protector -fno-omit-frame-pointer -fno-optimize-sibling-calls -g -Wdeclaration-after-statement -Wno-pointer-sign -fno-strict-overflow -fconserve-stack    -D"KBUILD_STR(s)=#s" -D"KBUILD_BASENAME=KBUILD_STR(mmap)"  -D"KBUILD_MODNAME=KBUILD_STR(mmap)" -c -o mm/mmap.o mm/mmap.c
  /usr/local/arm/arm-2009q3/bin/arm-none-linux-gnueabi-gcc -Wp,-MD,mm/.mprotect.o.d  -nostdinc -isystem /usr/local/arm/arm-2009q3/bin/../lib/gcc/arm-none-linux-gnueabi/4.4.1/include -I/home/he/work/crepo_kernel/samsung-kernel-herring/samsung-kernel-herring/arch/arm/include -Iarch/arm/include/generated -Iinclude  -include include/generated/autoconf.h -D__KERNEL__ -mlittle-endian -Iarch/arm/mach-s5pv210/include -Iarch/arm/plat-s5p/include -Iarch/arm/plat-samsung/include -Wall -Wundef -Wstrict-prototypes -Wno-trigraphs -fno-strict-aliasing -fno-common -Werror-implicit-function-declaration -Wno-format-security -fno-delete-null-pointer-checks -O2 -marm -fno-dwarf2-cfi-asm -fno-omit-frame-pointer -mapcs -mno-sched-prolog -mabi=aapcs-linux -mno-thumb-interwork -D__LINUX_ARM_ARCH__=7 -march=armv7-a -msoft-float -Uarm -Wframe-larger-than=1024 -fno-stack-protector -fno-omit-frame-pointer -fno-optimize-sibling-calls -g -Wdeclaration-after-statement -Wno-pointer-sign -fno-strict-overflow -fconserve-stack    -D"KBUILD_STR(s)=#s" -D"KBUILD_BASENAME=KBUILD_STR(mprotect)"  -D"KBUILD_MODNAME=KBUILD_STR(mprotect)" -c -o mm/mprotect.o mm/mprotect.c
  /usr/local/arm/arm-2009q3/bin/arm-none-linux-gnueabi-gcc -Wp,-MD,mm/.mremap.o.d  -nostdinc -isystem /usr/local/arm/arm-2009q3/bin/../lib/gcc/arm-none-linux-gnueabi/4.4.1/include -I/home/he/work/crepo_kernel/samsung-kernel-herring/samsung-kernel-herring/arch/arm/include -Iarch/arm/include/generated -Iinclude  -include include/generated/autoconf.h -D__KERNEL__ -mlittle-endian -Iarch/arm/mach-s5pv210/include -Iarch/arm/plat-s5p/include -Iarch/arm/plat-samsung/include -Wall -Wundef -Wstrict-prototypes -Wno-trigraphs -fno-strict-aliasing -fno-common -Werror-implicit-function-declaration -Wno-format-security -fno-delete-null-pointer-checks -O2 -marm -fno-dwarf2-cfi-asm -fno-omit-frame-pointer -mapcs -mno-sched-prolog -mabi=aapcs-linux -mno-thumb-interwork -D__LINUX_ARM_ARCH__=7 -march=armv7-a -msoft-float -Uarm -Wframe-larger-than=1024 -fno-stack-protector -fno-omit-frame-pointer -fno-optimize-sibling-calls -g -Wdeclaration-after-statement -Wno-pointer-sign -fno-strict-overflow -fconserve-stack    -D"KBUILD_STR(s)=#s" -D"KBUILD_BASENAME=KBUILD_STR(mremap)"  -D"KBUILD_MODNAME=KBUILD_STR(mremap)" -c -o mm/mremap.o mm/mremap.c
  /usr/local/arm/arm-2009q3/bin/arm-none-linux-gnueabi-gcc -Wp,-MD,mm/.msync.o.d  -nostdinc -isystem /usr/local/arm/arm-2009q3/bin/../lib/gcc/arm-none-linux-gnueabi/4.4.1/include -I/home/he/work/crepo_kernel/samsung-kernel-herring/samsung-kernel-herring/arch/arm/include -Iarch/arm/include/generated -Iinclude  -include include/generated/autoconf.h -D__KERNEL__ -mlittle-endian -Iarch/arm/mach-s5pv210/include -Iarch/arm/plat-s5p/include -Iarch/arm/plat-samsung/include -Wall -Wundef -Wstrict-prototypes -Wno-trigraphs -fno-strict-aliasing -fno-common -Werror-implicit-function-declaration -Wno-format-security -fno-delete-null-pointer-checks -O2 -marm -fno-dwarf2-cfi-asm -fno-omit-frame-pointer -mapcs -mno-sched-prolog -mabi=aapcs-linux -mno-thumb-interwork -D__LINUX_ARM_ARCH__=7 -march=armv7-a -msoft-float -Uarm -Wframe-larger-than=1024 -fno-stack-protector -fno-omit-frame-pointer -fno-optimize-sibling-calls -g -Wdeclaration-after-statement -Wno-pointer-sign -fno-strict-overflow -fconserve-stack    -D"KBUILD_STR(s)=#s" -D"KBUILD_BASENAME=KBUILD_STR(msync)"  -D"KBUILD_MODNAME=KBUILD_STR(msync)" -c -o mm/msync.o mm/msync.c
  /usr/local/arm/arm-2009q3/bin/arm-none-linux-gnueabi-gcc -Wp,-MD,mm/.rmap.o.d  -nostdinc -isystem /usr/local/arm/arm-2009q3/bin/../lib/gcc/arm-none-linux-gnueabi/4.4.1/include -I/home/he/work/crepo_kernel/samsung-kernel-herring/samsung-kernel-herring/arch/arm/include -Iarch/arm/include/generated -Iinclude  -include include/generated/autoconf.h -D__KERNEL__ -mlittle-endian -Iarch/arm/mach-s5pv210/include -Iarch/arm/plat-s5p/include -Iarch/arm/plat-samsung/include -Wall -Wundef -Wstrict-prototypes -Wno-trigraphs -fno-strict-aliasing -fno-common -Werror-implicit-function-declaration -Wno-format-security -fno-delete-null-pointer-checks -O2 -marm -fno-dwarf2-cfi-asm -fno-omit-frame-pointer -mapcs -mno-sched-prolog -mabi=aapcs-linux -mno-thumb-interwork -D__LINUX_ARM_ARCH__=7 -march=armv7-a -msoft-float -Uarm -Wframe-larger-than=1024 -fno-stack-protector -fno-omit-frame-pointer -fno-optimize-sibling-calls -g -Wdeclaration-after-statement -Wno-pointer-sign -fno-strict-overflow -fconserve-stack    -D"KBUILD_STR(s)=#s" -D"KBUILD_BASENAME=KBUILD_STR(rmap)"  -D"KBUILD_MODNAME=KBUILD_STR(rmap)" -c -o mm/rmap.o mm/rmap.c
  /usr/local/arm/arm-2009q3/bin/arm-none-linux-gnueabi-gcc -Wp,-MD,mm/.vmalloc.o.d  -nostdinc -isystem /usr/local/arm/arm-2009q3/bin/../lib/gcc/arm-none-linux-gnueabi/4.4.1/include -I/home/he/work/crepo_kernel/samsung-kernel-herring/samsung-kernel-herring/arch/arm/include -Iarch/arm/include/generated -Iinclude  -include include/generated/autoconf.h -D__KERNEL__ -mlittle-endian -Iarch/arm/mach-s5pv210/include -Iarch/arm/plat-s5p/include -Iarch/arm/plat-samsung/include -Wall -Wundef -Wstrict-prototypes -Wno-trigraphs -fno-strict-aliasing -fno-common -Werror-implicit-function-declaration -Wno-format-security -fno-delete-null-pointer-checks -O2 -marm -fno-dwarf2-cfi-asm -fno-omit-frame-pointer -mapcs -mno-sched-prolog -mabi=aapcs-linux -mno-thumb-interwork -D__LINUX_ARM_ARCH__=7 -march=armv7-a -msoft-float -Uarm -Wframe-larger-than=1024 -fno-stack-protector -fno-omit-frame-pointer -fno-optimize-sibling-calls -g -Wdeclaration-after-statement -Wno-pointer-sign -fno-strict-overflow -fconserve-stack    -D"KBUILD_STR(s)=#s" -D"KBUILD_BASENAME=KBUILD_STR(vmalloc)"  -D"KBUILD_MODNAME=KBUILD_STR(vmalloc)" -c -o mm/vmalloc.o mm/vmalloc.c
  /usr/local/arm/arm-2009q3/bin/arm-none-linux-gnueabi-gcc -Wp,-MD,mm/.pagewalk.o.d  -nostdinc -isystem /usr/local/arm/arm-2009q3/bin/../lib/gcc/arm-none-linux-gnueabi/4.4.1/include -I/home/he/work/crepo_kernel/samsung-kernel-herring/samsung-kernel-herring/arch/arm/include -Iarch/arm/include/generated -Iinclude  -include include/generated/autoconf.h -D__KERNEL__ -mlittle-endian -Iarch/arm/mach-s5pv210/include -Iarch/arm/plat-s5p/include -Iarch/arm/plat-samsung/include -Wall -Wundef -Wstrict-prototypes -Wno-trigraphs -fno-strict-aliasing -fno-common -Werror-implicit-function-declaration -Wno-format-security -fno-delete-null-pointer-checks -O2 -marm -fno-dwarf2-cfi-asm -fno-omit-frame-pointer -mapcs -mno-sched-prolog -mabi=aapcs-linux -mno-thumb-interwork -D__LINUX_ARM_ARCH__=7 -march=armv7-a -msoft-float -Uarm -Wframe-larger-than=1024 -fno-stack-protector -fno-omit-frame-pointer -fno-optimize-sibling-calls -g -Wdeclaration-after-statement -Wno-pointer-sign -fno-strict-overflow -fconserve-stack    -D"KBUILD_STR(s)=#s" -D"KBUILD_BASENAME=KBUILD_STR(pagewalk)"  -D"KBUILD_MODNAME=KBUILD_STR(pagewalk)" -c -o mm/pagewalk.o mm/pagewalk.c
  /usr/local/arm/arm-2009q3/bin/arm-none-linux-gnueabi-gcc -Wp,-MD,mm/.pgtable-generic.o.d  -nostdinc -isystem /usr/local/arm/arm-2009q3/bin/../lib/gcc/arm-none-linux-gnueabi/4.4.1/include -I/home/he/work/crepo_kernel/samsung-kernel-herring/samsung-kernel-herring/arch/arm/include -Iarch/arm/include/generated -Iinclude  -include include/generated/autoconf.h -D__KERNEL__ -mlittle-endian -Iarch/arm/mach-s5pv210/include -Iarch/arm/plat-s5p/include -Iarch/arm/plat-samsung/include -Wall -Wundef -Wstrict-prototypes -Wno-trigraphs -fno-strict-aliasing -fno-common -Werror-implicit-function-declaration -Wno-format-security -fno-delete-null-pointer-checks -O2 -marm -fno-dwarf2-cfi-asm -fno-omit-frame-pointer -mapcs -mno-sched-prolog -mabi=aapcs-linux -mno-thumb-interwork -D__LINUX_ARM_ARCH__=7 -march=armv7-a -msoft-float -Uarm -Wframe-larger-than=1024 -fno-stack-protector -fno-omit-frame-pointer -fno-optimize-sibling-calls -g -Wdeclaration-after-statement -Wno-pointer-sign -fno-strict-overflow -fconserve-stack    -D"KBUILD_STR(s)=#s" -D"KBUILD_BASENAME=KBUILD_STR(pgtable_generic)"  -D"KBUILD_MODNAME=KBUILD_STR(pgtable_generic)" -c -o mm/pgtable-generic.o mm/pgtable-generic.c
  /usr/local/arm/arm-2009q3/bin/arm-none-linux-gnueabi-gcc -Wp,-MD,mm/.init-mm.o.d  -nostdinc -isystem /usr/local/arm/arm-2009q3/bin/../lib/gcc/arm-none-linux-gnueabi/4.4.1/include -I/home/he/work/crepo_kernel/samsung-kernel-herring/samsung-kernel-herring/arch/arm/include -Iarch/arm/include/generated -Iinclude  -include include/generated/autoconf.h -D__KERNEL__ -mlittle-endian -Iarch/arm/mach-s5pv210/include -Iarch/arm/plat-s5p/include -Iarch/arm/plat-samsung/include -Wall -Wundef -Wstrict-prototypes -Wno-trigraphs -fno-strict-aliasing -fno-common -Werror-implicit-function-declaration -Wno-format-security -fno-delete-null-pointer-checks -O2 -marm -fno-dwarf2-cfi-asm -fno-omit-frame-pointer -mapcs -mno-sched-prolog -mabi=aapcs-linux -mno-thumb-interwork -D__LINUX_ARM_ARCH__=7 -march=armv7-a -msoft-float -Uarm -Wframe-larger-than=1024 -fno-stack-protector -fno-omit-frame-pointer -fno-optimize-sibling-calls -g -Wdeclaration-after-statement -Wno-pointer-sign -fno-strict-overflow -fconserve-stack    -D"KBUILD_STR(s)=#s" -D"KBUILD_BASENAME=KBUILD_STR(init_mm)"  -D"KBUILD_MODNAME=KBUILD_STR(init_mm)" -c -o mm/init-mm.o mm/init-mm.c
  /usr/local/arm/arm-2009q3/bin/arm-none-linux-gnueabi-gcc -Wp,-MD,mm/.bootmem.o.d  -nostdinc -isystem /usr/local/arm/arm-2009q3/bin/../lib/gcc/arm-none-linux-gnueabi/4.4.1/include -I/home/he/work/crepo_kernel/samsung-kernel-herring/samsung-kernel-herring/arch/arm/include -Iarch/arm/include/generated -Iinclude  -include include/generated/autoconf.h -D__KERNEL__ -mlittle-endian -Iarch/arm/mach-s5pv210/include -Iarch/arm/plat-s5p/include -Iarch/arm/plat-samsung/include -Wall -Wundef -Wstrict-prototypes -Wno-trigraphs -fno-strict-aliasing -fno-common -Werror-implicit-function-declaration -Wno-format-security -fno-delete-null-pointer-checks -O2 -marm -fno-dwarf2-cfi-asm -fno-omit-frame-pointer -mapcs -mno-sched-prolog -mabi=aapcs-linux -mno-thumb-interwork -D__LINUX_ARM_ARCH__=7 -march=armv7-a -msoft-float -Uarm -Wframe-larger-than=1024 -fno-stack-protector -fno-omit-frame-pointer -fno-optimize-sibling-calls -g -Wdeclaration-after-statement -Wno-pointer-sign -fno-strict-overflow -fconserve-stack    -D"KBUILD_STR(s)=#s" -D"KBUILD_BASENAME=KBUILD_STR(bootmem)"  -D"KBUILD_MODNAME=KBUILD_STR(bootmem)" -c -o mm/bootmem.o mm/bootmem.c
  /usr/local/arm/arm-2009q3/bin/arm-none-linux-gnueabi-gcc -Wp,-MD,mm/.memblock.o.d  -nostdinc -isystem /usr/local/arm/arm-2009q3/bin/../lib/gcc/arm-none-linux-gnueabi/4.4.1/include -I/home/he/work/crepo_kernel/samsung-kernel-herring/samsung-kernel-herring/arch/arm/include -Iarch/arm/include/generated -Iinclude  -include include/generated/autoconf.h -D__KERNEL__ -mlittle-endian -Iarch/arm/mach-s5pv210/include -Iarch/arm/plat-s5p/include -Iarch/arm/plat-samsung/include -Wall -Wundef -Wstrict-prototypes -Wno-trigraphs -fno-strict-aliasing -fno-common -Werror-implicit-function-declaration -Wno-format-security -fno-delete-null-pointer-checks -O2 -marm -fno-dwarf2-cfi-asm -fno-omit-frame-pointer -mapcs -mno-sched-prolog -mabi=aapcs-linux -mno-thumb-interwork -D__LINUX_ARM_ARCH__=7 -march=armv7-a -msoft-float -Uarm -Wframe-larger-than=1024 -fno-stack-protector -fno-omit-frame-pointer -fno-optimize-sibling-calls -g -Wdeclaration-after-statement -Wno-pointer-sign -fno-strict-overflow -fconserve-stack    -D"KBUILD_STR(s)=#s" -D"KBUILD_BASENAME=KBUILD_STR(memblock)"  -D"KBUILD_MODNAME=KBUILD_STR(memblock)" -c -o mm/memblock.o mm/memblock.c
  /usr/local/arm/arm-2009q3/bin/arm-none-linux-gnueabi-gcc -Wp,-MD,mm/.dmapool.o.d  -nostdinc -isystem /usr/local/arm/arm-2009q3/bin/../lib/gcc/arm-none-linux-gnueabi/4.4.1/include -I/home/he/work/crepo_kernel/samsung-kernel-herring/samsung-kernel-herring/arch/arm/include -Iarch/arm/include/generated -Iinclude  -include include/generated/autoconf.h -D__KERNEL__ -mlittle-endian -Iarch/arm/mach-s5pv210/include -Iarch/arm/plat-s5p/include -Iarch/arm/plat-samsung/include -Wall -Wundef -Wstrict-prototypes -Wno-trigraphs -fno-strict-aliasing -fno-common -Werror-implicit-function-declaration -Wno-format-security -fno-delete-null-pointer-checks -O2 -marm -fno-dwarf2-cfi-asm -fno-omit-frame-pointer -mapcs -mno-sched-prolog -mabi=aapcs-linux -mno-thumb-interwork -D__LINUX_ARM_ARCH__=7 -march=armv7-a -msoft-float -Uarm -Wframe-larger-than=1024 -fno-stack-protector -fno-omit-frame-pointer -fno-optimize-sibling-calls -g -Wdeclaration-after-statement -Wno-pointer-sign -fno-strict-overflow -fconserve-stack    -D"KBUILD_STR(s)=#s" -D"KBUILD_BASENAME=KBUILD_STR(dmapool)"  -D"KBUILD_MODNAME=KBUILD_STR(dmapool)" -c -o mm/dmapool.o mm/dmapool.c
  /usr/local/arm/arm-2009q3/bin/arm-none-linux-gnueabi-gcc -Wp,-MD,mm/.sparse.o.d  -nostdinc -isystem /usr/local/arm/arm-2009q3/bin/../lib/gcc/arm-none-linux-gnueabi/4.4.1/include -I/home/he/work/crepo_kernel/samsung-kernel-herring/samsung-kernel-herring/arch/arm/include -Iarch/arm/include/generated -Iinclude  -include include/generated/autoconf.h -D__KERNEL__ -mlittle-endian -Iarch/arm/mach-s5pv210/include -Iarch/arm/plat-s5p/include -Iarch/arm/plat-samsung/include -Wall -Wundef -Wstrict-prototypes -Wno-trigraphs -fno-strict-aliasing -fno-common -Werror-implicit-function-declaration -Wno-format-security -fno-delete-null-pointer-checks -O2 -marm -fno-dwarf2-cfi-asm -fno-omit-frame-pointer -mapcs -mno-sched-prolog -mabi=aapcs-linux -mno-thumb-interwork -D__LINUX_ARM_ARCH__=7 -march=armv7-a -msoft-float -Uarm -Wframe-larger-than=1024 -fno-stack-protector -fno-omit-frame-pointer -fno-optimize-sibling-calls -g -Wdeclaration-after-statement -Wno-pointer-sign -fno-strict-overflow -fconserve-stack    -D"KBUILD_STR(s)=#s" -D"KBUILD_BASENAME=KBUILD_STR(sparse)"  -D"KBUILD_MODNAME=KBUILD_STR(sparse)" -c -o mm/sparse.o mm/sparse.c
  /usr/local/arm/arm-2009q3/bin/arm-none-linux-gnueabi-gcc -Wp,-MD,mm/.ashmem.o.d  -nostdinc -isystem /usr/local/arm/arm-2009q3/bin/../lib/gcc/arm-none-linux-gnueabi/4.4.1/include -I/home/he/work/crepo_kernel/samsung-kernel-herring/samsung-kernel-herring/arch/arm/include -Iarch/arm/include/generated -Iinclude  -include include/generated/autoconf.h -D__KERNEL__ -mlittle-endian -Iarch/arm/mach-s5pv210/include -Iarch/arm/plat-s5p/include -Iarch/arm/plat-samsung/include -Wall -Wundef -Wstrict-prototypes -Wno-trigraphs -fno-strict-aliasing -fno-common -Werror-implicit-function-declaration -Wno-format-security -fno-delete-null-pointer-checks -O2 -marm -fno-dwarf2-cfi-asm -fno-omit-frame-pointer -mapcs -mno-sched-prolog -mabi=aapcs-linux -mno-thumb-interwork -D__LINUX_ARM_ARCH__=7 -march=armv7-a -msoft-float -Uarm -Wframe-larger-than=1024 -fno-stack-protector -fno-omit-frame-pointer -fno-optimize-sibling-calls -g -Wdeclaration-after-statement -Wno-pointer-sign -fno-strict-overflow -fconserve-stack    -D"KBUILD_STR(s)=#s" -D"KBUILD_BASENAME=KBUILD_STR(ashmem)"  -D"KBUILD_MODNAME=KBUILD_STR(ashmem)" -c -o mm/ashmem.o mm/ashmem.c
  /usr/local/arm/arm-2009q3/bin/arm-none-linux-gnueabi-gcc -Wp,-MD,mm/.compaction.o.d  -nostdinc -isystem /usr/local/arm/arm-2009q3/bin/../lib/gcc/arm-none-linux-gnueabi/4.4.1/include -I/home/he/work/crepo_kernel/samsung-kernel-herring/samsung-kernel-herring/arch/arm/include -Iarch/arm/include/generated -Iinclude  -include include/generated/autoconf.h -D__KERNEL__ -mlittle-endian -Iarch/arm/mach-s5pv210/include -Iarch/arm/plat-s5p/include -Iarch/arm/plat-samsung/include -Wall -Wundef -Wstrict-prototypes -Wno-trigraphs -fno-strict-aliasing -fno-common -Werror-implicit-function-declaration -Wno-format-security -fno-delete-null-pointer-checks -O2 -marm -fno-dwarf2-cfi-asm -fno-omit-frame-pointer -mapcs -mno-sched-prolog -mabi=aapcs-linux -mno-thumb-interwork -D__LINUX_ARM_ARCH__=7 -march=armv7-a -msoft-float -Uarm -Wframe-larger-than=1024 -fno-stack-protector -fno-omit-frame-pointer -fno-optimize-sibling-calls -g -Wdeclaration-after-statement -Wno-pointer-sign -fno-strict-overflow -fconserve-stack    -D"KBUILD_STR(s)=#s" -D"KBUILD_BASENAME=KBUILD_STR(compaction)"  -D"KBUILD_MODNAME=KBUILD_STR(compaction)" -c -o mm/compaction.o mm/compaction.c
  /usr/local/arm/arm-2009q3/bin/arm-none-linux-gnueabi-gcc -Wp,-MD,mm/.slub.o.d  -nostdinc -isystem /usr/local/arm/arm-2009q3/bin/../lib/gcc/arm-none-linux-gnueabi/4.4.1/include -I/home/he/work/crepo_kernel/samsung-kernel-herring/samsung-kernel-herring/arch/arm/include -Iarch/arm/include/generated -Iinclude  -include include/generated/autoconf.h -D__KERNEL__ -mlittle-endian -Iarch/arm/mach-s5pv210/include -Iarch/arm/plat-s5p/include -Iarch/arm/plat-samsung/include -Wall -Wundef -Wstrict-prototypes -Wno-trigraphs -fno-strict-aliasing -fno-common -Werror-implicit-function-declaration -Wno-format-security -fno-delete-null-pointer-checks -O2 -marm -fno-dwarf2-cfi-asm -fno-omit-frame-pointer -mapcs -mno-sched-prolog -mabi=aapcs-linux -mno-thumb-interwork -D__LINUX_ARM_ARCH__=7 -march=armv7-a -msoft-float -Uarm -Wframe-larger-than=1024 -fno-stack-protector -fno-omit-frame-pointer -fno-optimize-sibling-calls -g -Wdeclaration-after-statement -Wno-pointer-sign -fno-strict-overflow -fconserve-stack    -D"KBUILD_STR(s)=#s" -D"KBUILD_BASENAME=KBUILD_STR(slub)"  -D"KBUILD_MODNAME=KBUILD_STR(slub)" -c -o mm/slub.o mm/slub.c
  /usr/local/arm/arm-2009q3/bin/arm-none-linux-gnueabi-gcc -Wp,-MD,mm/.migrate.o.d  -nostdinc -isystem /usr/local/arm/arm-2009q3/bin/../lib/gcc/arm-none-linux-gnueabi/4.4.1/include -I/home/he/work/crepo_kernel/samsung-kernel-herring/samsung-kernel-herring/arch/arm/include -Iarch/arm/include/generated -Iinclude  -include include/generated/autoconf.h -D__KERNEL__ -mlittle-endian -Iarch/arm/mach-s5pv210/include -Iarch/arm/plat-s5p/include -Iarch/arm/plat-samsung/include -Wall -Wundef -Wstrict-prototypes -Wno-trigraphs -fno-strict-aliasing -fno-common -Werror-implicit-function-declaration -Wno-format-security -fno-delete-null-pointer-checks -O2 -marm -fno-dwarf2-cfi-asm -fno-omit-frame-pointer -mapcs -mno-sched-prolog -mabi=aapcs-linux -mno-thumb-interwork -D__LINUX_ARM_ARCH__=7 -march=armv7-a -msoft-float -Uarm -Wframe-larger-than=1024 -fno-stack-protector -fno-omit-frame-pointer -fno-optimize-sibling-calls -g -Wdeclaration-after-statement -Wno-pointer-sign -fno-strict-overflow -fconserve-stack    -D"KBUILD_STR(s)=#s" -D"KBUILD_BASENAME=KBUILD_STR(migrate)"  -D"KBUILD_MODNAME=KBUILD_STR(migrate)" -c -o mm/migrate.o mm/migrate.c
   /usr/local/arm/arm-2009q3/bin/arm-none-linux-gnueabi-ld -EL    -r -o mm/built-in.o mm/filemap.o mm/mempool.o mm/oom_kill.o mm/fadvise.o mm/maccess.o mm/page_alloc.o mm/page-writeback.o mm/readahead.o mm/swap.o mm/truncate.o mm/vmscan.o mm/shmem.o mm/prio_tree.o mm/util.o mm/mmzone.o mm/vmstat.o mm/backing-dev.o mm/page_isolation.o mm/mm_init.o mm/mmu_context.o mm/percpu.o mm/fremap.o mm/highmem.o mm/madvise.o mm/memory.o mm/mincore.o mm/mlock.o mm/mmap.o mm/mprotect.o mm/mremap.o mm/msync.o mm/rmap.o mm/vmalloc.o mm/pagewalk.o mm/pgtable-generic.o mm/init-mm.o mm/bootmem.o mm/memblock.o mm/dmapool.o mm/sparse.o mm/ashmem.o mm/compaction.o mm/slub.o mm/migrate.o 
